// Jest Snapshot v1, https://goo.gl/fbAQLP

exports[`RecipeItem component renders Recipes by default 1`] = `
<ContextConsumer>
  <Component />
</ContextConsumer>
`;

exports[`RecipeItem component renders Recipes given props 1`] = `
<ContextConsumer>
  <Component />
</ContextConsumer>
`;
